// Jest Snapshot v1, https://goo.gl/fbAQLP

exports[`App should match snapshot 1`] = `
<div
  className="App"
>
  <main>
    <header>
      <h1>
        Adventure Time!
      </h1>
    </header>
    <div
      className="load-wrapper"
    >
      <p>
        Loading...
      </p>
    </div>
  </main>
</div>
`;

exports[`App should set state to loading when snapshot is taken 1`] = `
<div
  className="App"
>
  <main>
    <header>
      <h1>
        Adventure Time!
      </h1>
    </header>
    <div
      className="load-wrapper"
    >
      <p>
        Loading...
      </p>
    </div>
  </main>
</div>
`;
